// Jest Snapshot v1, https://goo.gl/fbAQLP

exports[`Should UserNavAuth render correctly 1`] = `
Array [
  <div
    className="header__avatar-wrapper user__avatar-wrapper"
    style={
      Object {
        "backgroundImage": "url(https://assets.htmlacademy.ru/intensives/javascript-3/avatar/6.jpg)",
      }
    }
  />,
  <span
    className="header__user-name user__name"
  >
    adawd@awda.ru
  </span>,
]
`;
