// Jest Snapshot v1, https://goo.gl/fbAQLP

exports[`Should UserNavUnauth render correctly 1`] = `
Array [
  <div
    className="header__avatar-wrapper user__avatar-wrapper"
  />,
  <span
    className="header__login"
  >
    Sign in
  </span>,
]
`;
